// Jest Snapshot v1, https://goo.gl/fbAQLP

exports[`<ControlPanelRow /> spec  renders the component with data correctly  1`] = `undefined`;
